1     	 0000					.public _centralOutput
2     	 0000					.public _distortion_gain
3     	 0000					.public _enable
4     	 0000					.public _input_distortion
5     	 0000					.public _leftInput
6     	 0000					.public _lfeOutput
7     	 0000					.public _lsOutput
8     	 0000					.public _numGain
9     	 0000					.public _outputMode
10    	 0000					.public _output_distortion
11    	 0000					.public _rightInput
12    	 0000					.public _rsOutput
13    	 0000					.public _sampleBuffer
14    	 0000					.public _type
15    	 0000					.extern _cl_wavread_bits_per_sample
16    	 0000					.extern _cl_wavread_close
17    	 0000					.extern _cl_wavread_frame_rate
18    	 0000					.extern _cl_wavread_getnchannels
19    	 0000					.extern _cl_wavread_number_of_frames
20    	 0000					.extern _cl_wavread_open
21    	 0000					.extern _cl_wavread_recvsample
22    	 0000					.extern _cl_wavwrite_close
23    	 0000					.extern _cl_wavwrite_open
24    	 0000					.extern _cl_wavwrite_sendsample
25    	 0000					.public _main
26    	 0000					.extern _memset
27    	 0000					.extern _printf
28    	 0000					.extern _processing
29    	 0000					.extern _strcpy
30    	 0000					.extern __div
31    							.xdata_ovly
31     >> start of macro: .xdata_ovly
1+    									seg_single , "X_OVLY", X
1+     >> start of macro: seg_single
1+    						  .if ( "" != "" ) & defined( ___SegStart_X_ )
2+    						    segment
3+    						  .else
4+    						    segment "X_OVLY"
5+    							.if "" != ""
6+    						___SegStart_X_
7+    							.endif
8+    						  .endif
9+    							#RememberSegmentType
10+    >> end of macro: seg_single
2+     >> end of macro: .xdata_ovly
32    	 0000				_centralOutput
33    	 0000					.dw _sampleBuffer+64
	 0000	 00000040	 
34    							.ydata_ovly
34     >> start of macro: .ydata_ovly
1+    									seg_single , "Y_OVLY", Y
1+     >> start of macro: seg_single
1+    						  .if ( "" != "" ) & defined( ___SegStart_Y_ )
2+    						    segment
3+    						  .else
4+    						    segment "Y_OVLY"
5+    							.if "" != ""
6+    						___SegStart_Y_
7+    							.endif
8+    						  .endif
9+    							#RememberSegmentType
10+    >> end of macro: seg_single
2+     >> end of macro: .ydata_ovly
35    	 0000				_distortion_gain
36    	 0000					.dw  (0x40000000)
	 0000	 40000000	 
37    							.xdata_ovly
37     >> start of macro: .xdata_ovly
1+    									seg_single , "X_OVLY", X
1+     >> start of macro: seg_single
1+    						  .if ( "" != "" ) & defined( ___SegStart_X_ )
2+    						    segment
3+    						  .else
4+    						    segment "X_OVLY"
5+    							.if "" != ""
6+    						___SegStart_X_
7+    							.endif
8+    						  .endif
9+    							#RememberSegmentType
10+    >> end of macro: seg_single
2+     >> end of macro: .xdata_ovly
38    	 0000				_enable
39    	 0000					.dw  (0x1)
	 0000	 00000001	 
40    							.xdata_ovly
40     >> start of macro: .xdata_ovly
1+    									seg_single , "X_OVLY", X
1+     >> start of macro: seg_single
1+    						  .if ( "" != "" ) & defined( ___SegStart_X_ )
2+    						    segment
3+    						  .else
4+    						    segment "X_OVLY"
5+    							.if "" != ""
6+    						___SegStart_X_
7+    							.endif
8+    						  .endif
9+    							#RememberSegmentType
10+    >> end of macro: seg_single
2+     >> end of macro: .xdata_ovly
41    	 0000				_input_distortion
42    	 0000					.bss (0x1)
43    							.xdata_ovly
43     >> start of macro: .xdata_ovly
1+    									seg_single , "X_OVLY", X
1+     >> start of macro: seg_single
1+    						  .if ( "" != "" ) & defined( ___SegStart_X_ )
2+    						    segment
3+    						  .else
4+    						    segment "X_OVLY"
5+    							.if "" != ""
6+    						___SegStart_X_
7+    							.endif
8+    						  .endif
9+    							#RememberSegmentType
10+    >> end of macro: seg_single
2+     >> end of macro: .xdata_ovly
44    	 0000				_leftInput
45    	 0000					.dw _sampleBuffer
	 0000	 00000000	 
46    							.xdata_ovly
46     >> start of macro: .xdata_ovly
1+    									seg_single , "X_OVLY", X
1+     >> start of macro: seg_single
1+    						  .if ( "" != "" ) & defined( ___SegStart_X_ )
2+    						    segment
3+    						  .else
4+    						    segment "X_OVLY"
5+    							.if "" != ""
6+    						___SegStart_X_
7+    							.endif
8+    						  .endif
9+    							#RememberSegmentType
10+    >> end of macro: seg_single
2+     >> end of macro: .xdata_ovly
47    	 0000				_lfeOutput
48    	 0000					.dw _sampleBuffer+80
	 0000	 00000050	 
49    							.xdata_ovly
49     >> start of macro: .xdata_ovly
1+    									seg_single , "X_OVLY", X
1+     >> start of macro: seg_single
1+    						  .if ( "" != "" ) & defined( ___SegStart_X_ )
2+    						    segment
3+    						  .else
4+    						    segment "X_OVLY"
5+    							.if "" != ""
6+    						___SegStart_X_
7+    							.endif
8+    						  .endif
9+    							#RememberSegmentType
10+    >> end of macro: seg_single
2+     >> end of macro: .xdata_ovly
50    	 0000				_lsOutput
51    	 0000					.dw _sampleBuffer+32
	 0000	 00000020	 
52    							.ydata_ovly
52     >> start of macro: .ydata_ovly
1+    									seg_single , "Y_OVLY", Y
1+     >> start of macro: seg_single
1+    						  .if ( "" != "" ) & defined( ___SegStart_Y_ )
2+    						    segment
3+    						  .else
4+    						    segment "Y_OVLY"
5+    							.if "" != ""
6+    						___SegStart_Y_
7+    							.endif
8+    						  .endif
9+    							#RememberSegmentType
10+    >> end of macro: seg_single
2+     >> end of macro: .ydata_ovly
53    	 0000				_numGain
54    	 0000					.dw  (0x50c335d4)
	 0000	 50C335D4	 
55    							.xdata_ovly
55     >> start of macro: .xdata_ovly
1+    									seg_single , "X_OVLY", X
1+     >> start of macro: seg_single
1+    						  .if ( "" != "" ) & defined( ___SegStart_X_ )
2+    						    segment
3+    						  .else
4+    						    segment "X_OVLY"
5+    							.if "" != ""
6+    						___SegStart_X_
7+    							.endif
8+    						  .endif
9+    							#RememberSegmentType
10+    >> end of macro: seg_single
2+     >> end of macro: .xdata_ovly
56    	 0000				_outputMode
57    	 0000					.dw  (0x0)
	 0000	 00000000	 
58    							.xdata_ovly
58     >> start of macro: .xdata_ovly
1+    									seg_single , "X_OVLY", X
1+     >> start of macro: seg_single
1+    						  .if ( "" != "" ) & defined( ___SegStart_X_ )
2+    						    segment
3+    						  .else
4+    						    segment "X_OVLY"
5+    							.if "" != ""
6+    						___SegStart_X_
7+    							.endif
8+    						  .endif
9+    							#RememberSegmentType
10+    >> end of macro: seg_single
2+     >> end of macro: .xdata_ovly
59    	 0000				_output_distortion
60    	 0000					.bss (0x1)
61    							.xdata_ovly
61     >> start of macro: .xdata_ovly
1+    									seg_single , "X_OVLY", X
1+     >> start of macro: seg_single
1+    						  .if ( "" != "" ) & defined( ___SegStart_X_ )
2+    						    segment
3+    						  .else
4+    						    segment "X_OVLY"
5+    							.if "" != ""
6+    						___SegStart_X_
7+    							.endif
8+    						  .endif
9+    							#RememberSegmentType
10+    >> end of macro: seg_single
2+     >> end of macro: .xdata_ovly
62    	 0000				_rightInput
63    	 0000					.dw _sampleBuffer+16
	 0000	 00000010	 
64    							.xdata_ovly
64     >> start of macro: .xdata_ovly
1+    									seg_single , "X_OVLY", X
1+     >> start of macro: seg_single
1+    						  .if ( "" != "" ) & defined( ___SegStart_X_ )
2+    						    segment
3+    						  .else
4+    						    segment "X_OVLY"
5+    							.if "" != ""
6+    						___SegStart_X_
7+    							.endif
8+    						  .endif
9+    							#RememberSegmentType
10+    >> end of macro: seg_single
2+     >> end of macro: .xdata_ovly
65    	 0000				_rsOutput
66    	 0000					.dw _sampleBuffer+48
	 0000	 00000030	 
67    							.xdata_ovly align 16
67     >> start of macro: .xdata_ovly align
1+    									seg_align , "X_OVLY", X, 16
1+     >> start of macro: seg_align
1+    						    SEGMENT "X_OVLY" ALIGN( 16 )
2+    						  .if "" != ""
3+    						___SegStart_X_
4+    						  .endif
5+    							#RememberSegmentType
6+     >> end of macro: seg_align
2+     >> end of macro: .xdata_ovly align
68    	 0000				_sampleBuffer
69    	 0000					.bss (0x80)
70    							.xdata_ovly
70     >> start of macro: .xdata_ovly
1+    									seg_single , "X_OVLY", X
1+     >> start of macro: seg_single
1+    						  .if ( "" != "" ) & defined( ___SegStart_X_ )
2+    						    segment
3+    						  .else
4+    						    segment "X_OVLY"
5+    							.if "" != ""
6+    						___SegStart_X_
7+    							.endif
8+    						  .endif
9+    							#RememberSegmentType
10+    >> end of macro: seg_single
2+     >> end of macro: .xdata_ovly
71    	 0000				_string_const_0
72    	 0000					.dw  (0x2e)
	 0000	 0000002E	 
73    	 0001					.dw  (0x2e)
	 0001	 0000002E	 
74    	 0002					.dw  (0x2f)
	 0002	 0000002F	 
75    	 0003					.dw  (0x2e)
	 0003	 0000002E	 
76    	 0004					.dw  (0x2e)
	 0004	 0000002E	 
77    	 0005					.dw  (0x2f)
	 0005	 0000002F	 
78    	 0006					.dw  (0x54)
	 0006	 00000054	 
79    	 0007					.dw  (0x65)
	 0007	 00000065	 
80    	 0008					.dw  (0x73)
	 0008	 00000073	 
81    	 0009					.dw  (0x74)
	 0009	 00000074	 
82    	 000A					.dw  (0x53)
	 000A	 00000053	 
83    	 000B					.dw  (0x74)
	 000B	 00000074	 
84    	 000C					.dw  (0x72)
	 000C	 00000072	 
85    	 000D					.dw  (0x65)
	 000D	 00000065	 
86    	 000E					.dw  (0x61)
	 000E	 00000061	 
87    	 000F					.dw  (0x6d)
	 000F	 0000006D	 
88    	 0010					.dw  (0x73)
	 0010	 00000073	 
89    	 0011					.dw  (0x2f)
	 0011	 0000002F	 
90    	 0012					.dw  (0x32)
	 0012	 00000032	 
91    	 0013					.dw  (0x63)
	 0013	 00000063	 
92    	 0014					.dw  (0x68)
	 0014	 00000068	 
93    	 0015					.dw  (0x5f)
	 0015	 0000005F	 
94    	 0016					.dw  (0x63)
	 0016	 00000063	 
95    	 0017					.dw  (0x6f)
	 0017	 0000006F	 
96    	 0018					.dw  (0x6e)
	 0018	 0000006E	 
97    	 0019					.dw  (0x74)
	 0019	 00000074	 
98    	 001A					.dw  (0x6f)
	 001A	 0000006F	 
99    	 001B					.dw  (0x75)
	 001B	 00000075	 
100   	 001C					.dw  (0x72)
	 001C	 00000072	 
101   	 001D					.dw  (0x5f)
	 001D	 0000005F	 
102   	 001E					.dw  (0x6e)
	 001E	 0000006E	 
103   	 001F					.dw  (0x65)
	 001F	 00000065	 
104   	 0020					.dw  (0x34)
	 0020	 00000034	 
105   	 0021					.dw  (0x30)
	 0021	 00000030	 
106   	 0022					.dw  (0x5f)
	 0022	 0000005F	 
107   	 0023					.dw  (0x32)
	 0023	 00000032	 
108   	 0024					.dw  (0x34)
	 0024	 00000034	 
109   	 0025					.dw  (0x62)
	 0025	 00000062	 
110   	 0026					.dw  (0x5f)
	 0026	 0000005F	 
111   	 0027					.dw  (0x34)
	 0027	 00000034	 
112   	 0028					.dw  (0x38)
	 0028	 00000038	 
113   	 0029					.dw  (0x6b)
	 0029	 0000006B	 
114   	 002A					.dw  (0x2e)
	 002A	 0000002E	 
115   	 002B					.dw  (0x77)
	 002B	 00000077	 
116   	 002C					.dw  (0x61)
	 002C	 00000061	 
117   	 002D					.dw  (0x76)
	 002D	 00000076	 
118   	 002E					.dw  (0x0)
	 002E	 00000000	 
119   							.xdata_ovly
119    >> start of macro: .xdata_ovly
1+    									seg_single , "X_OVLY", X
1+     >> start of macro: seg_single
1+    						  .if ( "" != "" ) & defined( ___SegStart_X_ )
2+    						    segment
3+    						  .else
4+    						    segment "X_OVLY"
5+    							.if "" != ""
6+    						___SegStart_X_
7+    							.endif
8+    						  .endif
9+    							#RememberSegmentType
10+    >> end of macro: seg_single
2+     >> end of macro: .xdata_ovly
120   	 0000				_string_const_1
121   	 0000					.dw  (0x45)
	 0000	 00000045	 
122   	 0001					.dw  (0x72)
	 0001	 00000072	 
123   	 0002					.dw  (0x72)
	 0002	 00000072	 
124   	 0003					.dw  (0x6f)
	 0003	 0000006F	 
125   	 0004					.dw  (0x72)
	 0004	 00000072	 
126   	 0005					.dw  (0x3a)
	 0005	 0000003A	 
127   	 0006					.dw  (0x20)
	 0006	 00000020	 
128   	 0007					.dw  (0x43)
	 0007	 00000043	 
129   	 0008					.dw  (0x6f)
	 0008	 0000006F	 
130   	 0009					.dw  (0x75)
	 0009	 00000075	 
131   	 000A					.dw  (0x6c)
	 000A	 0000006C	 
132   	 000B					.dw  (0x64)
	 000B	 00000064	 
133   	 000C					.dw  (0x20)
	 000C	 00000020	 
134   	 000D					.dw  (0x6e)
	 000D	 0000006E	 
135   	 000E					.dw  (0x6f)
	 000E	 0000006F	 
136   	 000F					.dw  (0x74)
	 000F	 00000074	 
137   	 0010					.dw  (0x20)
	 0010	 00000020	 
138   	 0011					.dw  (0x6f)
	 0011	 0000006F	 
139   	 0012					.dw  (0x70)
	 0012	 00000070	 
140   	 0013					.dw  (0x65)
	 0013	 00000065	 
141   	 0014					.dw  (0x6e)
	 0014	 0000006E	 
142   	 0015					.dw  (0x20)
	 0015	 00000020	 
143   	 0016					.dw  (0x77)
	 0016	 00000077	 
144   	 0017					.dw  (0x61)
	 0017	 00000061	 
145   	 0018					.dw  (0x76)
	 0018	 00000076	 
146   	 0019					.dw  (0x65)
	 0019	 00000065	 
147   	 001A					.dw  (0x66)
	 001A	 00000066	 
148   	 001B					.dw  (0x69)
	 001B	 00000069	 
149   	 001C					.dw  (0x6c)
	 001C	 0000006C	 
150   	 001D					.dw  (0x65)
	 001D	 00000065	 
151   	 001E					.dw  (0x2e)
	 001E	 0000002E	 
152   	 001F					.dw  (0xa)
	 001F	 0000000A	 
153   	 0020					.dw  (0x0)
	 0020	 00000000	 
154   							.xdata_ovly
154    >> start of macro: .xdata_ovly
1+    									seg_single , "X_OVLY", X
1+     >> start of macro: seg_single
1+    						  .if ( "" != "" ) & defined( ___SegStart_X_ )
2+    						    segment
3+    						  .else
4+    						    segment "X_OVLY"
5+    							.if "" != ""
6+    						___SegStart_X_
7+    							.endif
8+    						  .endif
9+    							#RememberSegmentType
10+    >> end of macro: seg_single
2+     >> end of macro: .xdata_ovly
155   	 0000				_string_const_2
156   	 0000					.dw  (0x2e)
	 0000	 0000002E	 
157   	 0001					.dw  (0x2e)
	 0001	 0000002E	 
158   	 0002					.dw  (0x2f)
	 0002	 0000002F	 
159   	 0003					.dw  (0x4f)
	 0003	 0000004F	 
160   	 0004					.dw  (0x75)
	 0004	 00000075	 
161   	 0005					.dw  (0x74)
	 0005	 00000074	 
162   	 0006					.dw  (0x53)
	 0006	 00000053	 
163   	 0007					.dw  (0x74)
	 0007	 00000074	 
164   	 0008					.dw  (0x72)
	 0008	 00000072	 
165   	 0009					.dw  (0x65)
	 0009	 00000065	 
166   	 000A					.dw  (0x61)
	 000A	 00000061	 
167   	 000B					.dw  (0x6d)
	 000B	 0000006D	 
168   	 000C					.dw  (0x73)
	 000C	 00000073	 
169   	 000D					.dw  (0x2f)
	 000D	 0000002F	 
170   	 000E					.dw  (0x63)
	 000E	 00000063	 
171   	 000F					.dw  (0x6d)
	 000F	 0000006D	 
172   	 0010					.dw  (0x70)
	 0010	 00000070	 
173   	 0011					.dw  (0x5f)
	 0011	 0000005F	 
174   	 0012					.dw  (0x33)
	 0012	 00000033	 
175   	 0013					.dw  (0x2e)
	 0013	 0000002E	 
176   	 0014					.dw  (0x77)
	 0014	 00000077	 
177   	 0015					.dw  (0x61)
	 0015	 00000061	 
178   	 0016					.dw  (0x76)
	 0016	 00000076	 
179   	 0017					.dw  (0x0)
	 0017	 00000000	 
180   							.xdata_ovly
180    >> start of macro: .xdata_ovly
1+    									seg_single , "X_OVLY", X
1+     >> start of macro: seg_single
1+    						  .if ( "" != "" ) & defined( ___SegStart_X_ )
2+    						    segment
3+    						  .else
4+    						    segment "X_OVLY"
5+    							.if "" != ""
6+    						___SegStart_X_
7+    							.endif
8+    						  .endif
9+    							#RememberSegmentType
10+    >> end of macro: seg_single
2+     >> end of macro: .xdata_ovly
181   	 0000				_string_const_3
182   	 0000					.dw  (0x45)
	 0000	 00000045	 
183   	 0001					.dw  (0x72)
	 0001	 00000072	 
184   	 0002					.dw  (0x72)
	 0002	 00000072	 
185   	 0003					.dw  (0x6f)
	 0003	 0000006F	 
186   	 0004					.dw  (0x72)
	 0004	 00000072	 
187   	 0005					.dw  (0x3a)
	 0005	 0000003A	 
188   	 0006					.dw  (0x20)
	 0006	 00000020	 
189   	 0007					.dw  (0x43)
	 0007	 00000043	 
190   	 0008					.dw  (0x6f)
	 0008	 0000006F	 
191   	 0009					.dw  (0x75)
	 0009	 00000075	 
192   	 000A					.dw  (0x6c)
	 000A	 0000006C	 
193   	 000B					.dw  (0x64)
	 000B	 00000064	 
194   	 000C					.dw  (0x20)
	 000C	 00000020	 
195   	 000D					.dw  (0x6e)
	 000D	 0000006E	 
196   	 000E					.dw  (0x6f)
	 000E	 0000006F	 
197   	 000F					.dw  (0x74)
	 000F	 00000074	 
198   	 0010					.dw  (0x20)
	 0010	 00000020	 
199   	 0011					.dw  (0x6f)
	 0011	 0000006F	 
200   	 0012					.dw  (0x70)
	 0012	 00000070	 
201   	 0013					.dw  (0x65)
	 0013	 00000065	 
202   	 0014					.dw  (0x6e)
	 0014	 0000006E	 
203   	 0015					.dw  (0x20)
	 0015	 00000020	 
204   	 0016					.dw  (0x77)
	 0016	 00000077	 
205   	 0017					.dw  (0x61)
	 0017	 00000061	 
206   	 0018					.dw  (0x76)
	 0018	 00000076	 
207   	 0019					.dw  (0x65)
	 0019	 00000065	 
208   	 001A					.dw  (0x66)
	 001A	 00000066	 
209   	 001B					.dw  (0x69)
	 001B	 00000069	 
210   	 001C					.dw  (0x6c)
	 001C	 0000006C	 
211   	 001D					.dw  (0x65)
	 001D	 00000065	 
212   	 001E					.dw  (0x2e)
	 001E	 0000002E	 
213   	 001F					.dw  (0xa)
	 001F	 0000000A	 
214   	 0020					.dw  (0x0)
	 0020	 00000000	 
215   							.xdata_ovly
215    >> start of macro: .xdata_ovly
1+    									seg_single , "X_OVLY", X
1+     >> start of macro: seg_single
1+    						  .if ( "" != "" ) & defined( ___SegStart_X_ )
2+    						    segment
3+    						  .else
4+    						    segment "X_OVLY"
5+    							.if "" != ""
6+    						___SegStart_X_
7+    							.endif
8+    						  .endif
9+    							#RememberSegmentType
10+    >> end of macro: seg_single
2+     >> end of macro: .xdata_ovly
216   	 0000				_type
217   	 0000					.dw  (0x3)
	 0000	 00000003	 
218   							.code_ovly
218    >> start of macro: .code_ovly
1+    									seg_single , "CODE_OVLY", CODE
1+     >> start of macro: seg_single
1+    						  .if ( "" != "" ) & defined( ___SegStart_CODE_ )
2+    						    segment
3+    						  .else
4+    						    segment "CODE_OVLY"
5+    							.if "" != ""
6+    						___SegStart_CODE_
7+    							.endif
8+    						  .endif
9+    							#RememberSegmentType
10+    >> end of macro: seg_single
2+     >> end of macro: .code_ovly
219   						
220   						
221   						
222   							# This construction should ensure linking of crt0 in case when target is a standalone program without the OS
223   							.if defined(_OVLY_)
224   								.if .strcmp('standalone',_OVLY_)=0
225   								.if .strcmp('crystal32',_TARGET_FAMILY_)=0
226   	 0000							.extern __start         # dummy use of __start to force linkage of crt0
227   	 0000				dummy		.equ(__start)
228   								.else
229   									.extern __intvec         # dummy use of __intvec to force linkage of intvec
230   						dummy		.equ(__intvec)
231   								.endif
232   								.endif
233   							.endif
234   						
235   	 0000				_main:			/* LN: 36 | CYCLE: 0 | RULES: () */ 
236   	 0000	 A2540017		xmem[i7] = a2g; i7 += 1			# LN: 36, 36 | 
237   	 0001	 9A540017		xmem[i7] = a2h; i7 += 1			# LN: 36, 36 | 
238   	 0002	 92540017		xmem[i7] = a2l; i7 += 1			# LN: 36, 36 | 
239   	 0003	 B2540017		xmem[i7] = i2; i7 += 1			# LN: 36, 36 | 
240   	 0004	 A3540017		xmem[i7] = a3g; i7 += 1			# LN: 36, 36 | 
241   	 0005	 9B540017		xmem[i7] = a3h; i7 += 1			# LN: 36, 36 | 
242   	 0006	 93540017		xmem[i7] = a3l; i7 += 1			# LN: 36, 36 | 
243   	 0007	 B3540017		xmem[i7] = i3; i7 += 1			# LN: 36, 36 | 
244   	 0008	 A6540017		xmem[i7] = b2g; i7 += 1			# LN: 36, 36 | 
245   	 0009	 9E540017		xmem[i7] = b2h; i7 += 1			# LN: 36, 36 | 
246   	 000A	 96540017		xmem[i7] = b2l; i7 += 1			# LN: 36, 36 | 
247   	 000B	 87750200		i7 = i7 + (0x200)			# LN: 36 | 
248   	 000C	 00004DC2		a2 = 0			# LN: 53 | 
249   	 000D	 80800015		do (0x8), label_end_92			# LN: 53 | 
250   	 000E				label_begin_92:			/* LN: 53 | CYCLE: 0 | RULES: () */ 
251   	 000E	 00004C10		a0 =+ a2			# LN: 54 | 
252   	 000F	 00004EC0		a0 = a0 << 4			# LN: 54 | 
253   	 0010	 48704DC0		i0 = a0; a0 = 0			# LN: 54, 54 | 
254   	 0011	 894A0010		uhalfword(a1) = (0x10)			# LN: 54 | 
255   	 0012	 80050000		i0 = i0 + (_sampleBuffer + 0)			# LN: 54 | 
256   	 0013	 80880000		call (_memset)			# LN: 54 | 
257   	 0014	 884A0001		uhalfword(a0) = (0x1)			# LN: 53 | 
258   	 0015				label_end_92:			# LN: 53 | CYCLE: 7 | RULES: ()
259   	 0015	 00004502		a2 = a2 + a0			# LN: 53 | 
260   	 0016				for_end_0:			/* LN: 53 | CYCLE: 0 | RULES: () */ 
261   	 0016	 90750100		i0 = i7 - (256 - 0)			# LN: 58 | 
262   	 0017	 A1050000		i1 = (0) + (_string_const_0)			# LN: 58 | 
263   	 0018	 80880000		call (_strcpy)			# LN: 58 | 
264   	 0019	 90750100		i0 = i7 - (256 - 0)			# LN: 59 | 
265   	 001A	 80880000		call (_cl_wavread_open)			# LN: 59 | 
266   	 001B	 98090032		AnyReg(i2, a0h)			# LN: 59 | 
267   	 001C	 08727FFF		a0 = i2			# LN: 60 | 
268   	 001D	 00004E80		a0 & a0			# LN: 60 | 
269   	 001E	 84480023		if (a != 0) jmp (else_0)			# LN: 60 | 
270   	 001F	 A0050000		i0 = (0) + (_string_const_1)			# LN: 62 | 
271   	 0020	 80880000		call (_printf)			# LN: 62 | 
272   	 0021	 886AFFFF		halfword(a0) = (0xffff)			# LN: 63 | 
273   	 0022	 80080075		jmp (__epilogue_226)			# LN: 63 | 
274   	 0023				endif_0:			/* LN: 60 | CYCLE: 0 | RULES: () */ 
275   	 0023				else_0:			/* LN: 60 | CYCLE: 0 | RULES: () */ 
276   	 0023	 B2090030		i0 = i2			# LN: 69 | 
277   	 0024	 80880000		call (_cl_wavread_getnchannels)			# LN: 69 | 
278   	 0025	 00004C02		a2 =+ a0			# LN: 69 | 
279   	 0026	 B2090030		i0 = i2			# LN: 70 | 
280   	 0027	 80880000		call (_cl_wavread_bits_per_sample)			# LN: 70 | 
281   	 0028	 00004C01		a1 =+ a0			# LN: 70 | 
282   	 0029	 B2090030		i0 = i2			# LN: 71 | 
283   	 002A	 80880000		call (_cl_wavread_frame_rate)			# LN: 71 | 
284   	 002B	 00004C24		b0 =+ a0			# LN: 71 | 
285   	 002C	 B2090030		i0 = i2			# LN: 72 | 
286   	 002D	 80880000		call (_cl_wavread_number_of_frames)			# LN: 72 | 
287   	 002E	 00004C25		b1 =+ a0			# LN: 72 | 
288   	 002F	 884A0002		uhalfword(a0) = (0x2)			# LN: 87 | 
289   	 0030	 98440000		xmem[_outputMode + 0] = a0h			# LN: 87 | 
290   	 0031	 90750200		i0 = i7 - (512 - 0)			# LN: 93 | 
291   	 0032	 A1050000		i1 = (0) + (_string_const_2)			# LN: 93 | 
292   	 0033	 8B4A0006		uhalfword(a3) = (0x6)			# LN: 88 | 
293   	 0034	 80880000		call (_strcpy)			# LN: 93 | 
294   	 0035	 90750200		i0 = i7 - (512 - 0)			# LN: 94 | 
295   	 0036	 00004C08		a0 =+ a1			# LN: 94 | 
296   	 0037	 00004C19		a1 =+ a3			# LN: 94 | 
297   	 0038	 80880000		call (_cl_wavwrite_open)			# LN: 94 | 
298   	 0039	 98090033		AnyReg(i3, a0h)			# LN: 94 | 
299   	 003A	 08737FFF		a0 = i3			# LN: 95 | 
300   	 003B	 00004E80		a0 & a0			# LN: 95 | 
301   	 003C	 84480041		if (a != 0) jmp (else_1)			# LN: 95 | 
302   	 003D	 A0050000		i0 = (0) + (_string_const_3)			# LN: 97 | 
303   	 003E	 80880000		call (_printf)			# LN: 97 | 
304   	 003F	 886AFFFF		halfword(a0) = (0xffff)			# LN: 98 | 
305   	 0040	 80080075		jmp (__epilogue_226)			# LN: 98 | 
306   	 0041				endif_1:			/* LN: 95 | CYCLE: 0 | RULES: () */ 
307   	 0041				else_1:			/* LN: 95 | CYCLE: 0 | RULES: () */ 
308   	 0041	 894A0010		uhalfword(a1) = (0x10)			# LN: 111 | 
309   	 0042	 00004C28		a0 =+ b1			# LN: 111 | 
310   	 0043	 80880000		call (__div)			# LN: 111 | 
311   	 0044	 98090030		AnyReg(i0, a0h)			# LN: 111 | 
312   	 0045	 00007FFF		nop #empty cycle
313   	 0046	 8001006F		do (i0), label_end_97			# LN: 111 | 
314   	 0047				label_begin_97:			/* LN: 111 | CYCLE: 0 | RULES: () */ 
315   	 0047	 00004DC6		b2 = 0			# LN: 113 | 
316   	 0048	 8100005A		do (0x10), label_end_94			# LN: 113 | 
317   	 0049				label_begin_94:			/* LN: 113 | CYCLE: 0 | RULES: () */ 
318   	 0049	 9A090030		AnyReg(i0, a2h)			# LN: 115 | 
319   	 004A	 00004DC4		b0 = 0			# LN: 115 | 
320   	 004B	 80010058		do (i0), label_end_93			# LN: 115 | 
321   	 004C				label_begin_93:			/* LN: 115 | CYCLE: 0 | RULES: () */ 
322   	 004C	 B2090030		i0 = i2			# LN: 117 | 
323   	 004D	 80880000		call (_cl_wavread_recvsample)			# LN: 117 | 
324   	 004E	 00005C01		a1 =+ a0; b1 =+ b0			# LN: 117, 118 | 
325   	 004F	 00004EC5		b1 = b1 << 4			# LN: 118 | 
326   	 0050	 4D704C08		i0 = b1; a0 =+ a1			# LN: 118, 118 | 
327   	 0051	 894A0001		uhalfword(a1) = (0x1)			# LN: 115 | 
328   	 0052	 80050000		i0 = i0 + (_sampleBuffer + 0)			# LN: 118 | 
329   	 0053	 0D70442C		b1 = i0; b0 = b0 + a1			# LN: 118, 115 | 
330   	 0054	 00004C29		a1 =+ b1			# LN: 118 | 
331   	 0055	 000044B1		a1 = a1 + b2			# LN: 118 | 
332   	 0056	 99090030		AnyReg(i0, a1h)			# LN: 118 | 
333   	 0057	 00007FFF		nop #empty cycle
334   	 0058				label_end_93:			# LN: 115 | CYCLE: 12 | RULES: ()
335   	 0058	 98540000		xmem[i0] = a0h			# LN: 118 | 
336   	 0059				init_latch_label_2:			/* LN: 120 | CYCLE: 0 | RULES: () */ 
337   	 0059				for_end_3:			/* LN: 115 | CYCLE: 0 | RULES: () */ 
338   	 0059	 884A0001		uhalfword(a0) = (0x1)			# LN: 113 | 
339   	 005A				label_end_94:			# LN: 113 | CYCLE: 1 | RULES: ()
340   	 005A	 00004526		b2 = b2 + a0			# LN: 113 | 
341   	 005B				for_end_2:			/* LN: 113 | CYCLE: 0 | RULES: () */ 
342   	 005B	 80880000		call (_processing)			# LN: 122 | 
343   	 005C	 00004DC1		a1 = 0			# LN: 124 | 
344   	 005D	 8100006E		do (0x10), label_end_96			# LN: 124 | 
345   	 005E				label_begin_96:			/* LN: 124 | CYCLE: 0 | RULES: () */ 
346   	 005E	 9B090030		AnyReg(i0, a3h)			# LN: 126 | 
347   	 005F	 00004DC4		b0 = 0			# LN: 126 | 
348   	 0060	 8001006C		do (i0), label_end_95			# LN: 126 | 
349   	 0061				label_begin_95:			/* LN: 126 | CYCLE: 0 | RULES: () */ 
350   	 0061	 00004C20		a0 =+ b0			# LN: 128 | 
351   	 0062	 00004EC0		a0 = a0 << 4			# LN: 128 | 
352   	 0063	 48717FFF		i1 = a0			# LN: 128 | 
353   	 0064	 B3090030		i0 = i3			# LN: 129 | 
354   	 0065	 81150000		i1 = i1 + (_sampleBuffer + 0)			# LN: 128 | 
355   	 0066	 08717FFF		a0 = i1			# LN: 128 | 
356   	 0067	 00004408		a0 = a0 + a1			# LN: 128 | 
357   	 0068	 98090031		AnyReg(i1, a0h)			# LN: 128 | 
358   	 0069	 884A0001		uhalfword(a0) = (0x1)			# LN: 126 | 
359   	 006A	 1D414424		b1 = xmem[i1]; b0 = b0 + a0			# LN: 128, 126 | 
360   	 006B	 00004C28		a0 =+ b1			# LN: 128 | 
361   	 006C				label_end_95:			# LN: 126 | CYCLE: 11 | RULES: ()
362   	 006C	 80880000		call (_cl_wavwrite_sendsample)			# LN: 129 | 
363   	 006D				init_latch_label_4:			/* LN: 131 | CYCLE: 0 | RULES: () */ 
364   	 006D				for_end_5:			/* LN: 126 | CYCLE: 0 | RULES: () */ 
365   	 006D	 884A0001		uhalfword(a0) = (0x1)			# LN: 124 | 
366   	 006E				label_end_96:			# LN: 124 | CYCLE: 1 | RULES: ()
367   	 006E	 00004481		a1 = a1 + a0			# LN: 124 | 
368   	 006F				init_latch_label_5:			/* LN: 132 | CYCLE: 0 | RULES: () */ 
369   	 006F				for_end_4:			/* LN: 124 | CYCLE: 0 | RULES: () */ 
370   	 006F				label_end_97:			# LN: 111 | CYCLE: 0 | RULES: ()
371   	 006F	 00007FFF		nop #empty cycle
372   	 0070				for_end_1:			/* LN: 111 | CYCLE: 0 | RULES: () */ 
373   	 0070	 B2090030		i0 = i2			# LN: 137 | 
374   	 0071	 80880000		call (_cl_wavread_close)			# LN: 137 | 
375   	 0072	 B3090030		i0 = i3			# LN: 138 | 
376   	 0073	 80880000		call (_cl_wavwrite_close)			# LN: 138 | 
377   	 0074	 00004DC0		a0 = 0			# LN: 141 | 
378   	 0075				__epilogue_226:			/* LN: 142 | CYCLE: 0 | RULES: () */ 
379   	 0075	 97750200		i7 = i7 - (0x200)			# LN: 142 | 
380   	 0076	 02177FFF		i7 -= 1			# LN: 142 | 
381   	 0077	 96140027		b2l = xmem[i7]; i7 -= 1			# LN: 142, 142 | 
382   	 0078	 9E140027		b2h = xmem[i7]; i7 -= 1			# LN: 142, 142 | 
383   	 0079	 A6140027		b2g = xmem[i7]; i7 -= 1			# LN: 142, 142 | 
384   	 007A	 B3140027		i3 = xmem[i7]; i7 -= 1			# LN: 142, 142 | 
385   	 007B	 93140027		a3l = xmem[i7]; i7 -= 1			# LN: 142, 142 | 
386   	 007C	 9B140027		a3h = xmem[i7]; i7 -= 1			# LN: 142, 142 | 
387   	 007D	 A3140027		a3g = xmem[i7]; i7 -= 1			# LN: 142, 142 | 
388   	 007E	 B2140027		i2 = xmem[i7]; i7 -= 1			# LN: 142, 142 | 
389   	 007F	 92140027		a2l = xmem[i7]; i7 -= 1			# LN: 142, 142 | 
390   	 0080	 9A140027		a2h = xmem[i7]; i7 -= 1			# LN: 142, 142 | 
391   	 0081	 A2140007		a2g = xmem[i7]			# LN: 142 | 
392   	 0082	 81880000		ret			# LN: 142 | 
393   						(null)
				 SYMBOL TABLE 

    Name                                                                                    Type                  Value 

_COMMON_INC_PATH_                                                               					 Define                 "C:/CirrusDSP/crystal32/common/inc/"
_DSP_                                                                           					 Define                 "a"
_LOCAL_INC_PATH_                                                                					 Define                 "inc/"
_LOCAL_SRC_PATH_                                                                					 Define                 "src/"
_MUI_VERSION_                                                                   					 Define                 "020000"
_OVLY_                                                                          					 Define                 "standalone"
_OVLY_REVISION_                                                                 					 Define                 "020000"
_ROUTER_INC_PATH_                                                               					 Define                 "rom_inc/"
_SLOT_                                                                          					 Define                 "0"
_TARGET_FAMILY_                                                                 					 Define                 "crystal32"
_TOOLS_VERSION_                                                                 					 Define                 "0x0701"
_VERSION_                                                                       					 Define                 "00"
__CASM_VER__                                                                    			  Unused Variable		        0 (701H)
__div                                                                           					 External   
__epilogue_226                                                                  			         Relocatable         main_GEN_0018:0075H
__start                                                                         					 External   
_centralOutput                                                                  			  Public Relocatable       main_GEN_0000:0000H
_cl_wavread_bits_per_sample                                                     					 External   
_cl_wavread_close                                                               					 External   
_cl_wavread_frame_rate                                                          					 External   
_cl_wavread_getnchannels                                                        					 External   
_cl_wavread_number_of_frames                                                    					 External   
_cl_wavread_open                                                                					 External   
_cl_wavread_recvsample                                                          					 External   
_cl_wavwrite_close                                                              					 External   
_cl_wavwrite_open                                                               					 External   
_cl_wavwrite_sendsample                                                         					 External   
_distortion_gain                                                                			  Public Relocatable       main_GEN_0001:0000H
_enable                                                                         			  Public Relocatable       main_GEN_0002:0000H
_input_distortion                                                               			  Public Relocatable       main_GEN_0003:0000H
_leftInput                                                                      			  Public Relocatable       main_GEN_0004:0000H
_lfeOutput                                                                      			  Public Relocatable       main_GEN_0005:0000H
_lsOutput                                                                       			  Public Relocatable       main_GEN_0006:0000H
_main                                                                           			  Public Relocatable       main_GEN_0018:0000H
_memset                                                                         					 External   
_numGain                                                                        			  Public Relocatable       main_GEN_0007:0000H
_outputMode                                                                     			  Public Relocatable       main_GEN_0008:0000H
_output_distortion                                                              			  Public Relocatable       main_GEN_0009:0000H
_printf                                                                         					 External   
_processing                                                                     					 External   
_rightInput                                                                     			  Public Relocatable       main_GEN_0010:0000H
_rsOutput                                                                       			  Public Relocatable       main_GEN_0011:0000H
_sampleBuffer                                                                   			  Public Relocatable       main_GEN_0012:0000H
_strcpy                                                                         					 External   
_string_const_0                                                                 			         Relocatable         main_GEN_0013:0000H
_string_const_1                                                                 			         Relocatable         main_GEN_0014:0000H
_string_const_2                                                                 			         Relocatable         main_GEN_0015:0000H
_string_const_3                                                                 			         Relocatable         main_GEN_0016:0000H
_type                                                                           			  Public Relocatable       main_GEN_0017:0000H
dummy                                                                           			  Unused Number				     0 (0H)
else_0                                                                          			         Relocatable         main_GEN_0018:0023H
else_1                                                                          			         Relocatable         main_GEN_0018:0041H
endif_0                                                                         			  Unused Relocatable        main_GEN_0018:0023H
endif_1                                                                         			  Unused Relocatable        main_GEN_0018:0041H
for_end_0                                                                       			  Unused Relocatable        main_GEN_0018:0016H
for_end_1                                                                       			  Unused Relocatable        main_GEN_0018:0070H
for_end_2                                                                       			  Unused Relocatable        main_GEN_0018:005BH
for_end_3                                                                       			  Unused Relocatable        main_GEN_0018:0059H
for_end_4                                                                       			  Unused Relocatable        main_GEN_0018:006FH
for_end_5                                                                       			  Unused Relocatable        main_GEN_0018:006DH
init_latch_label_2                                                              			  Unused Relocatable        main_GEN_0018:0059H
init_latch_label_4                                                              			  Unused Relocatable        main_GEN_0018:006DH
init_latch_label_5                                                              			  Unused Relocatable        main_GEN_0018:006FH
label_begin_92                                                                  			  Unused Relocatable        main_GEN_0018:000EH
label_begin_93                                                                  			  Unused Relocatable        main_GEN_0018:004CH
label_begin_94                                                                  			  Unused Relocatable        main_GEN_0018:0049H
label_begin_95                                                                  			  Unused Relocatable        main_GEN_0018:0061H
label_begin_96                                                                  			  Unused Relocatable        main_GEN_0018:005EH
label_begin_97                                                                  			  Unused Relocatable        main_GEN_0018:0047H
label_end_92                                                                    			         Relocatable         main_GEN_0018:0015H
label_end_93                                                                    			         Relocatable         main_GEN_0018:0058H
label_end_94                                                                    			         Relocatable         main_GEN_0018:005AH
label_end_95                                                                    			         Relocatable         main_GEN_0018:006CH
label_end_96                                                                    			         Relocatable         main_GEN_0018:006EH
label_end_97                                                                    			         Relocatable         main_GEN_0018:006FH

	       SEGMENTS:

Size			  Name										 Class
0000H	 __INIT                                  			 CODE                                    
0001H	 main_GEN_0000                           			 X_OVLY                                  
0001H	 main_GEN_0001                           			 Y_OVLY                                  
0001H	 main_GEN_0002                           			 X_OVLY                                  
0001H	 main_GEN_0003                           			 X_OVLY                                  
0001H	 main_GEN_0004                           			 X_OVLY                                  
0001H	 main_GEN_0005                           			 X_OVLY                                  
0001H	 main_GEN_0006                           			 X_OVLY                                  
0001H	 main_GEN_0007                           			 Y_OVLY                                  
0001H	 main_GEN_0008                           			 X_OVLY                                  
0001H	 main_GEN_0009                           			 X_OVLY                                  
0001H	 main_GEN_0010                           			 X_OVLY                                  
0001H	 main_GEN_0011                           			 X_OVLY                                  
0080H	 main_GEN_0012                           			 X_OVLY                                  
002FH	 main_GEN_0013                           			 X_OVLY                                  
0021H	 main_GEN_0014                           			 X_OVLY                                  
0018H	 main_GEN_0015                           			 X_OVLY                                  
0021H	 main_GEN_0016                           			 X_OVLY                                  
0001H	 main_GEN_0017                           			 X_OVLY                                  
0083H	 main_GEN_0018                           			 CODE_OVLY                               
