1     	 0000					.extern _centralOutput
2     	 0000					.extern _input_distortion
3     	 0000					.extern _leftInput
4     	 0000					.extern _lfeOutput
5     	 0000					.extern _lsOutput
6     	 0000					.extern _numGain
7     	 0000					.extern _outputMode
8     	 0000					.extern _output_distortion
9     	 0000					.extern _rightInput
10    	 0000					.extern _rsOutput
11    	 0000					.extern _sampleBuffer
12    	 0000					.extern _distortion
13    	 0000					.public _processing
14    							.code_ovly
14     >> start of macro: .code_ovly
1+    									seg_single , "CODE_OVLY", CODE
1+     >> start of macro: seg_single
1+    						  .if ( "" != "" ) & defined( ___SegStart_CODE_ )
2+    						    segment
3+    						  .else
4+    						    segment "CODE_OVLY"
5+    							.if "" != ""
6+    						___SegStart_CODE_
7+    							.endif
8+    						  .endif
9+    							#RememberSegmentType
10+    >> end of macro: seg_single
2+     >> end of macro: .code_ovly
15    						
16    						
17    						
18    	 0000				_processing:			/* LN: 20 | CYCLE: 0 | RULES: () */ 
19    	 0000	 A0050000		i0 = (0) + (_sampleBuffer + 0)			# LN: 24 | 
20    	 0001	 B0440000		xmem[_leftInput + 0] = i0			# LN: 24 | 
21    	 0002	 A0050000		i0 = (0) + (_sampleBuffer + 16)			# LN: 25 | 
22    	 0003	 B0440000		xmem[_rightInput + 0] = i0			# LN: 25 | 
23    	 0004	 88040000		a0 = xmem[_outputMode + 0]			# LN: 27 | 
24    	 0005	 00004E80		a0 & a0			# LN: 27 | 
25    	 0006	 84080010		if (a == 0) jmp (case_0)			# LN: 27 | 
26    	 0007	 88040000		a0 = xmem[_outputMode + 0]			# LN: 27 | 
27    	 0008	 894A0001		uhalfword(a1) = (0x1)			# LN: 27 | 
28    	 0009	 00004F08		a0 - a1			# LN: 27 | 
29    	 000A	 84080028		if (a == 0) jmp (case_1)			# LN: 27 | 
30    	 000B	 88040000		a0 = xmem[_outputMode + 0]			# LN: 27 | 
31    	 000C	 894A0002		uhalfword(a1) = (0x2)			# LN: 27 | 
32    	 000D	 00004F08		a0 - a1			# LN: 27 | 
33    	 000E	 84080052		if (a == 0) jmp (case_2)			# LN: 27 | 
34    	 000F	 800800A0		jmp (__epilogue_106)			# LN: 27 | 
35    	 0010				case_0:			/* LN: 29 | CYCLE: 0 | RULES: () */ 
36    	 0010	 81000026		do (0x10), label_end_92			# LN: 30 | 
37    	 0011				label_begin_92:			/* LN: 30 | CYCLE: 0 | RULES: () */ 
38    	 0011	 B0040000		i0 = xmem[_leftInput + 0]			# LN: 32 | 
39    	 0012	 80840000		x0 = ymem[_numGain + 0]			# LN: 32 | 
40    	 0013	 81140000		x1 = xmem[i0]			# LN: 32 | 
41    	 0014	 A0050000		i0 = (0) + (_leftInput)			# LN: 32 | 
42    	 0015	 B0140000		i0 = xmem[i0]			# LN: 32 | 
43    	 0016	 00002020		a0 = x1 * x0			# LN: 32 | 
44    	 0017	 88540000		xmem[i0] = a0			# LN: 32 | 
45    	 0018	 B0040000		i0 = xmem[_rightInput + 0]			# LN: 33 | 
46    	 0019	 80840000		x0 = ymem[_numGain + 0]			# LN: 33 | 
47    	 001A	 81140000		x1 = xmem[i0]			# LN: 33 | 
48    	 001B	 A0050000		i0 = (0) + (_rightInput)			# LN: 33 | 
49    	 001C	 B0140000		i0 = xmem[i0]			# LN: 33 | 
50    	 001D	 00002020		a0 = x1 * x0			# LN: 33 | 
51    	 001E	 88540000		xmem[i0] = a0			# LN: 33 | 
52    	 001F	 B0040000		i0 = xmem[_leftInput + 0]			# LN: 34 | 
53    	 0020	 00007FFF		nop #empty cycle
54    	 0021	 02087FFF		i0 += 1			# LN: 34 | 
55    	 0022	 B0440000		xmem[_leftInput + 0] = i0			# LN: 34 | 
56    	 0023	 B0040000		i0 = xmem[_rightInput + 0]			# LN: 35 | 
57    	 0024	 00007FFF		nop #empty cycle
58    	 0025	 02087FFF		i0 += 1			# LN: 35 | 
59    	 0026				label_end_92:			# LN: 30 | CYCLE: 21 | RULES: ()
60    	 0026	 B0440000		xmem[_rightInput + 0] = i0			# LN: 35 | 
61    	 0027				for_end_0:			/* LN: 30 | CYCLE: 0 | RULES: () */ 
62    	 0027	 800800A0		jmp (__epilogue_106)			# LN: 37 | 
63    	 0028				case_1:			/* LN: 38 | CYCLE: 0 | RULES: () */ 
64    	 0028	 A0050000		i0 = (0) + (_sampleBuffer + 32)			# LN: 40 | 
65    	 0029	 B0440000		xmem[_lsOutput + 0] = i0			# LN: 40 | 
66    	 002A	 A0050000		i0 = (0) + (_sampleBuffer + 48)			# LN: 41 | 
67    	 002B	 B0440000		xmem[_rsOutput + 0] = i0			# LN: 41 | 
68    	 002C	 81000042		do (0x10), label_end_93			# LN: 43 | 
69    	 002D				label_begin_93:			/* LN: 43 | CYCLE: 0 | RULES: () */ 
70    	 002D	 B0040000		i0 = xmem[_leftInput + 0]			# LN: 45 | 
71    	 002E	 80840000		x0 = ymem[_numGain + 0]			# LN: 45 | 
72    	 002F	 81140000		x1 = xmem[i0]			# LN: 45 | 
73    	 0030	 A0050000		i0 = (0) + (_leftInput)			# LN: 45 | 
74    	 0031	 B0140000		i0 = xmem[i0]			# LN: 45 | 
75    	 0032	 00002020		a0 = x1 * x0			# LN: 45 | 
76    	 0033	 88540000		xmem[i0] = a0			# LN: 45 | 
77    	 0034	 B0040000		i0 = xmem[_rightInput + 0]			# LN: 46 | 
78    	 0035	 80840000		x0 = ymem[_numGain + 0]			# LN: 46 | 
79    	 0036	 81140000		x1 = xmem[i0]			# LN: 46 | 
80    	 0037	 A0050000		i0 = (0) + (_rightInput)			# LN: 46 | 
81    	 0038	 B0140000		i0 = xmem[i0]			# LN: 46 | 
82    	 0039	 00002020		a0 = x1 * x0			# LN: 46 | 
83    	 003A	 88540000		xmem[i0] = a0			# LN: 46 | 
84    	 003B	 B0040000		i0 = xmem[_leftInput + 0]			# LN: 47 | 
85    	 003C	 00007FFF		nop #empty cycle
86    	 003D	 02087FFF		i0 += 1			# LN: 47 | 
87    	 003E	 B0440000		xmem[_leftInput + 0] = i0			# LN: 47 | 
88    	 003F	 B0040000		i0 = xmem[_rightInput + 0]			# LN: 48 | 
89    	 0040	 00007FFF		nop #empty cycle
90    	 0041	 02087FFF		i0 += 1			# LN: 48 | 
91    	 0042				label_end_93:			# LN: 43 | CYCLE: 21 | RULES: ()
92    	 0042	 B0440000		xmem[_rightInput + 0] = i0			# LN: 48 | 
93    	 0043				for_end_1:			/* LN: 43 | CYCLE: 0 | RULES: () */ 
94    	 0043	 A0050000		i0 = (0) + (_sampleBuffer + 0)			# LN: 51 | 
95    	 0044	 B0440000		xmem[_leftInput + 0] = i0			# LN: 51 | 
96    	 0045	 A0050000		i0 = (0) + (_sampleBuffer + 16)			# LN: 52 | 
97    	 0046	 B0440000		xmem[_rightInput + 0] = i0			# LN: 52 | 
98    	 0047	 88040000		a0 = xmem[_leftInput + 0]			# LN: 54 | 
99    	 0048	 88440000		xmem[_input_distortion + 0] = a0			# LN: 54 | 
100   	 0049	 88040000		a0 = xmem[_lsOutput + 0]			# LN: 55 | 
101   	 004A	 88440000		xmem[_output_distortion + 0] = a0			# LN: 55 | 
102   	 004B	 80880000		call (_distortion)			# LN: 56 | 
103   	 004C	 88040000		a0 = xmem[_rightInput + 0]			# LN: 58 | 
104   	 004D	 88440000		xmem[_input_distortion + 0] = a0			# LN: 58 | 
105   	 004E	 88040000		a0 = xmem[_rsOutput + 0]			# LN: 59 | 
106   	 004F	 88440000		xmem[_output_distortion + 0] = a0			# LN: 59 | 
107   	 0050	 80880000		call (_distortion)			# LN: 60 | 
108   	 0051	 800800A0		jmp (__epilogue_106)			# LN: 62 | 
109   	 0052				case_2:			/* LN: 63 | CYCLE: 0 | RULES: () */ 
110   	 0052	 A0050000		i0 = (0) + (_sampleBuffer + 32)			# LN: 65 | 
111   	 0053	 B0440000		xmem[_lsOutput + 0] = i0			# LN: 65 | 
112   	 0054	 A0050000		i0 = (0) + (_sampleBuffer + 48)			# LN: 66 | 
113   	 0055	 B0440000		xmem[_rsOutput + 0] = i0			# LN: 66 | 
114   	 0056	 A0050000		i0 = (0) + (_sampleBuffer + 64)			# LN: 67 | 
115   	 0057	 B0440000		xmem[_centralOutput + 0] = i0			# LN: 67 | 
116   	 0058	 A0050000		i0 = (0) + (_sampleBuffer + 80)			# LN: 68 | 
117   	 0059	 B0440000		xmem[_lfeOutput + 0] = i0			# LN: 68 | 
118   	 005A	 8100007C		do (0x10), label_end_94			# LN: 70 | 
119   	 005B				label_begin_94:			/* LN: 70 | CYCLE: 0 | RULES: () */ 
120   	 005B	 B0040000		i0 = xmem[_leftInput + 0]			# LN: 72 | 
121   	 005C	 80840000		x0 = ymem[_numGain + 0]			# LN: 72 | 
122   	 005D	 81140000		x1 = xmem[i0]			# LN: 72 | 
123   	 005E	 A0050000		i0 = (0) + (_leftInput)			# LN: 72 | 
124   	 005F	 B0140000		i0 = xmem[i0]			# LN: 72 | 
125   	 0060	 00002020		a0 = x1 * x0			# LN: 72 | 
126   	 0061	 88540000		xmem[i0] = a0			# LN: 72 | 
127   	 0062	 B0040000		i0 = xmem[_rightInput + 0]			# LN: 73 | 
128   	 0063	 80840000		x0 = ymem[_numGain + 0]			# LN: 73 | 
129   	 0064	 81140000		x1 = xmem[i0]			# LN: 73 | 
130   	 0065	 A0050000		i0 = (0) + (_rightInput)			# LN: 73 | 
131   	 0066	 B0140000		i0 = xmem[i0]			# LN: 73 | 
132   	 0067	 00002020		a0 = x1 * x0			# LN: 73 | 
133   	 0068	 88540000		xmem[i0] = a0			# LN: 73 | 
134   	 0069	 B0040000		i0 = xmem[_rightInput + 0]			# LN: 74 | 
135   	 006A	 B1040000		i1 = xmem[_leftInput + 0]			# LN: 74 | 
136   	 006B	 88140000		a0 = xmem[i0]			# LN: 74 | 
137   	 006C	 89140001		a1 = xmem[i1]			# LN: 74 | 
138   	 006D	 A0050000		i0 = (0) + (_centralOutput)			# LN: 74 | 
139   	 006E	 B0140000		i0 = xmem[i0]			# LN: 74 | 
140   	 006F	 00004408		a0 = a0 + a1			# LN: 74 | 
141   	 0070	 98540000		xmem[i0] = a0h			# LN: 74 | 
142   	 0071	 B0040000		i0 = xmem[_centralOutput + 0]			# LN: 75 | 
143   	 0072	 00007FFF		nop #empty cycle
144   	 0073	 02087FFF		i0 += 1			# LN: 75 | 
145   	 0074	 B0440000		xmem[_centralOutput + 0] = i0			# LN: 75 | 
146   	 0075	 B0040000		i0 = xmem[_leftInput + 0]			# LN: 76 | 
147   	 0076	 00007FFF		nop #empty cycle
148   	 0077	 02087FFF		i0 += 1			# LN: 76 | 
149   	 0078	 B0440000		xmem[_leftInput + 0] = i0			# LN: 76 | 
150   	 0079	 B0040000		i0 = xmem[_rightInput + 0]			# LN: 77 | 
151   	 007A	 00007FFF		nop #empty cycle
152   	 007B	 02087FFF		i0 += 1			# LN: 77 | 
153   	 007C				label_end_94:			# LN: 70 | CYCLE: 33 | RULES: ()
154   	 007C	 B0440000		xmem[_rightInput + 0] = i0			# LN: 77 | 
155   	 007D				for_end_2:			/* LN: 70 | CYCLE: 0 | RULES: () */ 
156   	 007D	 A0050000		i0 = (0) + (_sampleBuffer + 0)			# LN: 80 | 
157   	 007E	 B0440000		xmem[_leftInput + 0] = i0			# LN: 80 | 
158   	 007F	 A0050000		i0 = (0) + (_sampleBuffer + 16)			# LN: 81 | 
159   	 0080	 B0440000		xmem[_rightInput + 0] = i0			# LN: 81 | 
160   	 0081	 88040000		a0 = xmem[_leftInput + 0]			# LN: 83 | 
161   	 0082	 88440000		xmem[_input_distortion + 0] = a0			# LN: 83 | 
162   	 0083	 88040000		a0 = xmem[_lsOutput + 0]			# LN: 84 | 
163   	 0084	 88440000		xmem[_output_distortion + 0] = a0			# LN: 84 | 
164   	 0085	 80880000		call (_distortion)			# LN: 85 | 
165   	 0086	 88040000		a0 = xmem[_rightInput + 0]			# LN: 87 | 
166   	 0087	 88440000		xmem[_input_distortion + 0] = a0			# LN: 87 | 
167   	 0088	 88040000		a0 = xmem[_rsOutput + 0]			# LN: 88 | 
168   	 0089	 88440000		xmem[_output_distortion + 0] = a0			# LN: 88 | 
169   	 008A	 80880000		call (_distortion)			# LN: 89 | 
170   	 008B	 8100009F		do (0x10), label_end_95			# LN: 91 | 
171   	 008C				label_begin_95:			/* LN: 91 | CYCLE: 0 | RULES: () */ 
172   	 008C	 B0040000		i0 = xmem[_lsOutput + 0]			# LN: 93 | 
173   	 008D	 B1040000		i1 = xmem[_rsOutput + 0]			# LN: 93 | 
174   	 008E	 88140000		a0 = xmem[i0]			# LN: 93 | 
175   	 008F	 89140001		a1 = xmem[i1]			# LN: 93 | 
176   	 0090	 A0050000		i0 = (0) + (_lfeOutput)			# LN: 93 | 
177   	 0091	 B0140000		i0 = xmem[i0]			# LN: 93 | 
178   	 0092	 00004408		a0 = a0 + a1			# LN: 93 | 
179   	 0093	 88540000		xmem[i0] = a0			# LN: 93 | 
180   	 0094	 B0040000		i0 = xmem[_lfeOutput + 0]			# LN: 94 | 
181   	 0095	 00007FFF		nop #empty cycle
182   	 0096	 02087FFF		i0 += 1			# LN: 94 | 
183   	 0097	 B0440000		xmem[_lfeOutput + 0] = i0			# LN: 94 | 
184   	 0098	 B0040000		i0 = xmem[_lsOutput + 0]			# LN: 95 | 
185   	 0099	 00007FFF		nop #empty cycle
186   	 009A	 02087FFF		i0 += 1			# LN: 95 | 
187   	 009B	 B0440000		xmem[_lsOutput + 0] = i0			# LN: 95 | 
188   	 009C	 B0040000		i0 = xmem[_rsOutput + 0]			# LN: 96 | 
189   	 009D	 00007FFF		nop #empty cycle
190   	 009E	 02087FFF		i0 += 1			# LN: 96 | 
191   	 009F				label_end_95:			# LN: 91 | CYCLE: 19 | RULES: ()
192   	 009F	 B0440000		xmem[_rsOutput + 0] = i0			# LN: 96 | 
193   	 00A0				__epilogue_106:			/* LN: 103 | CYCLE: 0 | RULES: () */ 
194   	 00A0				for_end_3:			/* LN: 91 | CYCLE: 0 | RULES: () */ 
195   	 00A0	 81880000		ret			# LN: 103 | 
196   						(null)
				 SYMBOL TABLE 

    Name                                                                                    Type                  Value 

_COMMON_INC_PATH_                                                               					 Define                 "C:/CirrusDSP/crystal32/common/inc/"
_DSP_                                                                           					 Define                 "a"
_LOCAL_INC_PATH_                                                                					 Define                 "inc/"
_LOCAL_SRC_PATH_                                                                					 Define                 "src/"
_MUI_VERSION_                                                                   					 Define                 "020000"
_OVLY_                                                                          					 Define                 "standalone"
_OVLY_REVISION_                                                                 					 Define                 "020000"
_ROUTER_INC_PATH_                                                               					 Define                 "rom_inc/"
_SLOT_                                                                          					 Define                 "0"
_TARGET_FAMILY_                                                                 					 Define                 "crystal32"
_TOOLS_VERSION_                                                                 					 Define                 "0x0701"
_VERSION_                                                                       					 Define                 "00"
__CASM_VER__                                                                    			  Unused Variable		        0 (701H)
__epilogue_106                                                                  			         Relocatable         processing_GEN_0000:00A0H
_centralOutput                                                                  					 External   
_distortion                                                                     					 External   
_input_distortion                                                               					 External   
_leftInput                                                                      					 External   
_lfeOutput                                                                      					 External   
_lsOutput                                                                       					 External   
_numGain                                                                        					 External   
_outputMode                                                                     					 External   
_output_distortion                                                              					 External   
_processing                                                                     			  Public Relocatable       processing_GEN_0000:0000H
_rightInput                                                                     					 External   
_rsOutput                                                                       					 External   
_sampleBuffer                                                                   					 External   
case_0                                                                          			         Relocatable         processing_GEN_0000:0010H
case_1                                                                          			         Relocatable         processing_GEN_0000:0028H
case_2                                                                          			         Relocatable         processing_GEN_0000:0052H
for_end_0                                                                       			  Unused Relocatable        processing_GEN_0000:0027H
for_end_1                                                                       			  Unused Relocatable        processing_GEN_0000:0043H
for_end_2                                                                       			  Unused Relocatable        processing_GEN_0000:007DH
for_end_3                                                                       			  Unused Relocatable        processing_GEN_0000:00A0H
label_begin_92                                                                  			  Unused Relocatable        processing_GEN_0000:0011H
label_begin_93                                                                  			  Unused Relocatable        processing_GEN_0000:002DH
label_begin_94                                                                  			  Unused Relocatable        processing_GEN_0000:005BH
label_begin_95                                                                  			  Unused Relocatable        processing_GEN_0000:008CH
label_end_92                                                                    			         Relocatable         processing_GEN_0000:0026H
label_end_93                                                                    			         Relocatable         processing_GEN_0000:0042H
label_end_94                                                                    			         Relocatable         processing_GEN_0000:007CH
label_end_95                                                                    			         Relocatable         processing_GEN_0000:009FH

	       SEGMENTS:

Size			  Name										 Class
0000H	 __INIT                                  			 CODE                                    
00A1H	 processing_GEN_0000                     			 CODE_OVLY                               
